<?xml version="1.0" encoding="UTF-8" standalone="yes"?>
<ObjectDefinitions>
    <definition elementName="/child__c" outputType="json">
        <jsonSchema>
            {"$schema":"http://json-schema.org/schema#","child__c":{"type":"object","properties":{"global_id__sys":{"description":"Global
            ID","type":"string","maxLength":200},"parent__cr.date_of_birth__c":{"format":"date","description":"Date of
            Birth","type":"string"},"parent__cr.global_id__sys":{"description":"Global
            ID","type":"string","maxLength":200},"favourite_color__cr.global_id__sys":{"description":"Global
            ID","type":"string","maxLength":200},"name__v":{"description":"Name","type":"string","maxLength":128},"parent__cr.created_by__v":{"description":"Created
            By","type":"string"},"favourite_color__cr.id":{"description":"ID","type":"string"},"child__c":{"description":"Child","type":"string"},"parent__cr.modified_date__v":{"format":"date-time","description":"Last
            Modified
            Date","type":"string"},"grandchildren__cr":{"type":"object","properties":{"data":{"type":"array","items":{"type":"object","properties":{}}}}},"parent__cr.name__v":{"description":"Name","type":"string","maxLength":128},"favourite_color__cr.status__v":{"description":"Status","type":"array","items":{"type":"string"}},"link__sys":{"description":"Link","type":"string","maxLength":255},"parent__cr.created_date__v":{"format":"date-time","description":"Created
            Date","type":"string"},"parent__cr.status__v":{"description":"Status","type":"array","items":{"type":"string"}},"created_date__v":{"format":"date-time","description":"Created
            Date","type":"string"},"favourite_color__cr.name__v":{"description":"Name","type":"string","maxLength":128},"id":{"description":"ID","type":"string"},"favourite_color__cr.created_date__v":{"format":"date-time","description":"Created
            Date","type":"string"},"created_by__v":{"description":"Created
            By","type":"string"},"favourite_color__c":{"description":"Favourite
            Color","type":"string"},"favourite_color__cr.created_by__v":{"description":"Created
            By","type":"string"},"parent__cr.id":{"description":"ID","type":"string"},"favourite_color__cr.modified_by__v":{"description":"Last
            Modified
            By","type":"string"},"favourite_color__cr.modified_date__v":{"format":"date-time","description":"Last
            Modified Date","type":"string"},"parent__cr.modified_by__v":{"description":"Last Modified
            By","type":"string"},"modified_by__v":{"description":"Last Modified
            By","type":"string"},"favourite_color__cr.link__sys":{"description":"Link","type":"string","maxLength":255},"fathers_dob__c":{"format":"date","description":"Fathers
            DOB","type":"string"},"modified_date__v":{"format":"date-time","description":"Last Modified
            Date","type":"string"},"status__v":{"description":"Status","type":"array","items":{"type":"string"}},"parent__c":{"description":"Parent","type":"string"},"parent__cr.link__sys":{"description":"Link","type":"string","maxLength":255}}}}
        </jsonSchema>
        <fieldSpecFields name="created_by__v" filterable="true" sortable="true" selectable="true" type="string"
                         selected="false"/>
        <fieldSpecFields name="created_date__v" filterable="true" sortable="true" selectable="true" type="date"
                         selected="false"/>
        <fieldSpecFields name="fathers_dob__c" filterable="true" sortable="true" selectable="true" type="date"
                         selected="false"/>
        <fieldSpecFields name="favourite_color__c" filterable="true" sortable="true" selectable="true" type="string"
                         selected="false"/>
        <fieldSpecFields name="favourite_color__cr" filterable="true" sortable="true" selectable="true" type="string"
                         selected="false"/>
        <fieldSpecFields name="favourite_color__cr/created_by__v" filterable="true" sortable="true" selectable="true"
                         type="string" selected="false"/>
        <fieldSpecFields name="favourite_color__cr/created_date__v" filterable="true" sortable="true" selectable="true"
                         type="date" selected="false"/>
        <fieldSpecFields name="favourite_color__cr/global_id__sys" filterable="true" sortable="true" selectable="true"
                         type="string" selected="false"/>
        <fieldSpecFields name="favourite_color__cr/id" filterable="true" sortable="true" selectable="true" type="string"
                         selected="false"/>
        <fieldSpecFields name="favourite_color__cr/link__sys" filterable="true" sortable="true" selectable="true"
                         type="string" selected="false"/>
        <fieldSpecFields name="favourite_color__cr/modified_by__v" filterable="true" sortable="true" selectable="true"
                         type="string" selected="false"/>
        <fieldSpecFields name="favourite_color__cr/modified_date__v" filterable="true" sortable="true" selectable="true"
                         type="date" selected="false"/>
        <fieldSpecFields name="favourite_color__cr/name__v" filterable="true" sortable="true" selectable="true"
                         type="string" selected="false"/>
        <fieldSpecFields name="favourite_color__cr/status__v" filterable="true" sortable="true" selectable="true"
                         type="string" selected="false"/>
        <fieldSpecFields name="global_id__sys" filterable="true" sortable="true" selectable="true" type="string"
                         selected="false"/>
        <fieldSpecFields name="grandchildren__cr__Subquery" filterable="true" sortable="true" selectable="true"
                         type="string" selected="false"/>
        <fieldSpecFields name="grandchildren__cr__Subquery/child__c" filterable="true" sortable="true" selectable="true"
                         type="string" selected="false"/>
        <fieldSpecFields name="grandchildren__cr__Subquery/created_by__v" filterable="true" sortable="true"
                         selectable="true" type="string" selected="false"/>
        <fieldSpecFields name="grandchildren__cr__Subquery/created_date__v" filterable="true" sortable="true"
                         selectable="true" type="date" selected="false"/>
        <fieldSpecFields name="grandchildren__cr__Subquery/global_id__sys" filterable="true" sortable="true"
                         selectable="true" type="string" selected="false"/>
        <fieldSpecFields name="grandchildren__cr__Subquery/id" filterable="true" sortable="true" selectable="true"
                         type="string" selected="false"/>
        <fieldSpecFields name="grandchildren__cr__Subquery/link__sys" filterable="true" sortable="true"
                         selectable="true" type="string" selected="false"/>
        <fieldSpecFields name="grandchildren__cr__Subquery/modified_by__v" filterable="true" sortable="true"
                         selectable="true" type="string" selected="false"/>
        <fieldSpecFields name="grandchildren__cr__Subquery/modified_date__v" filterable="true" sortable="true"
                         selectable="true" type="date" selected="false"/>
        <fieldSpecFields name="grandchildren__cr__Subquery/name__v" filterable="true" sortable="true" selectable="true"
                         type="string" selected="false"/>
        <fieldSpecFields name="grandchildren__cr__Subquery/status__v" filterable="true" sortable="true"
                         selectable="true" type="string" selected="false"/>
        <fieldSpecFields name="id" filterable="true" sortable="true" selectable="true" type="string" selected="false"/>
        <fieldSpecFields name="link__sys" filterable="true" sortable="true" selectable="true" type="string"
                         selected="false"/>
        <fieldSpecFields name="modified_by__v" filterable="true" sortable="true" selectable="true" type="string"
                         selected="false"/>
        <fieldSpecFields name="modified_date__v" filterable="true" sortable="true" selectable="true" type="date"
                         selected="false"/>
        <fieldSpecFields name="name__v" filterable="true" sortable="true" selectable="true" type="string"
                         selected="false"/>
        <fieldSpecFields name="parent__c" filterable="true" sortable="true" selectable="true" type="string"
                         selected="false"/>
        <fieldSpecFields name="parent__cr" filterable="true" sortable="true" selectable="true" type="string"
                         selected="false"/>
        <fieldSpecFields name="parent__cr/created_by__v" filterable="true" sortable="true" selectable="true"
                         type="string" selected="false"/>
        <fieldSpecFields name="parent__cr/created_date__v" filterable="true" sortable="true" selectable="true"
                         type="date" selected="false"/>
        <fieldSpecFields name="parent__cr/date_of_birth__c" filterable="true" sortable="true" selectable="true"
                         type="date" selected="false"/>
        <fieldSpecFields name="parent__cr/global_id__sys" filterable="true" sortable="true" selectable="true"
                         type="string" selected="false"/>
        <fieldSpecFields name="parent__cr/id" filterable="true" sortable="true" selectable="true" type="string"
                         selected="false"/>
        <fieldSpecFields name="parent__cr/link__sys" filterable="true" sortable="true" selectable="true" type="string"
                         selected="false"/>
        <fieldSpecFields name="parent__cr/modified_by__v" filterable="true" sortable="true" selectable="true"
                         type="string" selected="false"/>
        <fieldSpecFields name="parent__cr/modified_date__v" filterable="true" sortable="true" selectable="true"
                         type="date" selected="false"/>
        <fieldSpecFields name="parent__cr/name__v" filterable="true" sortable="true" selectable="true" type="string"
                         selected="false"/>
        <fieldSpecFields name="parent__cr/status__v" filterable="true" sortable="true" selectable="true" type="string"
                         selected="false"/>
        <fieldSpecFields name="status__v" filterable="true" sortable="true" selectable="true" type="string"
                         selected="false"/>
    </definition>
</ObjectDefinitions>