<?xml version="1.0" encoding="UTF-8" standalone="yes"?><ObjectTypes><type id="documents" label="Document"/><type id="relationships" label="Document Relationships"/><type id="get_items_at_path_list" label="Get items at path list"/><type id="accountmessage__sys" label="User Account Email"/><type id="action__sys" label="Action"/><type id="activity__v" label="Activity Task"/><type id="adminlink__sys" label="Admin Link"/><type id="adminsection__sys" label="Admin Section"/><type id="adminsectioncontrollercode__sys" label="Admin Section Controller Code"/><type id="adminsettingtrigger__sys" label="Admin Setting Trigger"/><type id="agreement_transfer__v" label="Agreement Transfer"/><type id="annotation_keyword_targets__sys" label="Claim Targets"/><type id="annotation_keywords__sys" label="Claim"/><type id="answer__clin" label="Answer"/><type id="answer_library_design__sys" label="Answer Library Design"/><type id="answer_set__clin" label="Answer Set"/><type id="answer_set_join__clin" label="Answer Set Join"/><type id="application_role__v" label="Application Role"/><type id="applicationcontextselector__sys" label="Application Context Selector"/><type id="applicationfamilylicensemodel__sys" label="Application Family License Model"/><type id="applicationuserlicensemodel__sys" label="Application User License Model"/><type id="applicationuserlicensetype__sys" label="Application User License Type"/><type id="applicensemodel__sys" label="Application License Model"/><type id="applicensemodelfield__sys" label="Application License Model Field"/><type id="appsecurityassignment__sys" label="Application Security Assignment"/><type id="appsecurityfield__sys" label="Application Security Field"/><type id="appsecurityrule__sys" label="Application Security Rule"/><type id="assessed_index_change_request__v" label="Assessed Index Change Request"/><type id="assigned_risk_mitigation__v" label="Assigned Risk Mitigation"/><type id="available_answer__sys" label="Available Answer"/><type id="available_answer_design__sys" label="Available Answer Design"/><type id="batch__v" label="Batch"/><type id="binder_metadata__v" label="Binder Section Metadata"/><type id="browse_integration_test_child_object__c" label="Browse Integration Test Child Object"/><type id="browse_integration_test_parent_object__c" label="Browse Integration Test Parent Object"/><type id="budget__v" label="Budget"/><type id="budget_category__v" label="Budget Category"/><type id="budget_item__v" label="Budget Item"/><type id="cdn_distribution_status__v" label="CDN Distribution Status"/><type id="cdx_agreement__v" label="Agreement"/><type id="cdx_agreement_activity_item__v" label="Agreement Activity Item"/><type id="cdx_configuration_mapping__v" label="Configuration Mapping"/><type id="cdx_connection_user__v" label="CDX Connection User"/><type id="cdx_data_mapping__v" label="Data Mapping"/><type id="cdx_document_lifecycle_state_mapping__v" label="Document Lifecycle State Mapping"/><type id="cdx_field_default__v" label="Field Default"/><type id="cdx_issue__v" label="CDX Issue"/><type id="cdx_override_agreement__v" label="Clinical Network Override Agreement"/><type id="cdx_pending_scope_variable_value__v" label="Pending Scope Variable Value"/><type id="cdx_rule__v" label="CDX Rule"/><type id="cdx_rule_override__v" label="Clinical Network Rule Override"/><type id="cdx_rule_set__v" label="Rule Set"/><type id="cdx_scope_variable__v" label="Scope Variable"/><type id="cdx_scope_variable_value__v" label="Scope Variable Value"/><type id="central_monitoring_event__ctms" label="Central Monitoring Event"/><type id="channel_usage__v" label="Channel Usage"/><type id="checklist__sys" label="Checklist"/><type id="checklist_design__sys" label="Checklist Design"/><type id="checklist_design_master__sys" label="Checklist Design Master"/><type id="checklist_design_translation__sys" label="Checklist Design Translation"/><type id="checklist_field_translation__sys" label="Checklist Field Translation"/><type id="checklisteventhandler__sys" label="Checklisteventhandler"/><type id="checklistmatchingfield__sys" label="Checklist Matching Field"/><type id="checklisttype__sys" label="Checklist Type"/><type id="checklistuicontrol__sys" label="Checklist UI Control"/><type id="child__c" label="Child"/><type id="clientdistribution__sys" label="Client Distribution"/><type id="clinical_document_type_detail__v" label="Clinical Document Type Detail"/><type id="clinical_registry_vocabulary__v" label="Clinical Registry Vocabulary"/><type id="clinical_user_task__clin" label="Clinical User Task"/><type id="clinicalstandardmapping__v" label="Clinical Standard Mapping"/><type id="colors__c" label="Color"/><type id="componentadminui__sys" label="Component Admin UI"/><type id="componentadminuiaction__sys" label="Component Admin UI Action"/><type id="componentattributepermission__sys" label="Componentattributepermission"/><type id="componentdirectoryeventhandler__sys" label="Componentdirectoryeventhandler"/><type id="componentproperty__sys" label="Component Property"/><type id="componentpropertyset__sys" label="Component Property Set"/><type id="componentsecurity__sys" label="Componentsecurity"/><type id="connection__sys" label="Connection"/><type id="connection_authorization__sys" label="Connection Authorization"/><type id="connection_client__sys" label="Connection Client"/><type id="connection_stats__sys" label="Connection Stats"/><type id="contact_information__clin" label="Contact Information"/><type id="control__sys" label="Control"/><type id="controlcode__sys" label="Control Code"/><type id="country__v" label="Country"/><type id="credentials__clin" label="Credentials"/><type id="critical_process__v" label="Critical Process"/><type id="crm_activity__v" label="Activity"/><type id="crm_connection_identifier_mapping__v" label="CRM Connection Identifier Mapping"/><type id="crosslink_source_event__sys" label="Crosslink Source Event"/><type id="ctn__v" label="Clinical Trial Notification / 治験届"/><type id="ctn_attached_document__v" label="CTN Attached Document / 届出書添付資料"/><type id="ctn_combination_equip__v" label="CTN Combination Equipment / 併用する機械器具等"/><type id="ctn_combination_product__v" label="CTN Combination Product / 治験使用薬等"/><type id="ctn_cp_organizations__v" label="CTN CP / Organization"/><type id="ctn_crv_mapping__v" label="Clinical Registry Vocabulary Mapping"/><type id="ctn_ctn_data_change_log__v" label="CTN / CTN Data Change Log"/><type id="ctn_data__v" label="CTN Data / 治験届関連情報"/><type id="ctn_data_change_log__v" label="CTN Data Change Log"/><type id="ctn_ip_name__v" label="CTN IP Name / 治験薬名称"/><type id="ctn_reference_ctn__v" label="CTN Reference CTN / 参照する治験届出情報"/><type id="ctn_remarks__v" label="CTN Remarks / 備考"/><type id="ctn_site_ip__v" label="CTN Site IP/ 治験施設治験薬情報"/><type id="currency__sys" label="Currency"/><type id="customwebapi__sys" label="Custom WebApi"/><type id="cycle_time__v" label="Cycle Time"/><type id="dashboard__sys" label="Dashboard"/><type id="data_change_request__v" label="Data Change Request"/><type id="data_change_request_line__v" label="Data Change Request Line"/><type id="dataset__sys" label="Dataset"/><type id="dataset_item__sys" label="Dataset Item"/><type id="deletesm001__c" label="DeleteSM001"/><type id="dependency__sys" label="Dependency"/><type id="dependency_design__sys" label="Dependency Design"/><type id="disclosure__v" label="Disclosure"/><type id="disclosurerule__v" label="Disclosure Rule"/><type id="distribution_task__v" label="Distribution Task"/><type id="distribution_task_action__v" label="Distribution Task Action"/><type id="distribution_task_recipient__v" label="Distribution Task Recipient"/><type id="doc_lifecycle_stage_label__sys" label="Document Lifecycle Stage Label"/><type id="doc_lifecycle_state_stage__sys" label="Document Lifecycle State-Stage"/><type id="doc_type_detail__v" label="Document Type Detail"/><type id="doc_type_group__v" label="Document Type Group"/><type id="doc_type_group_detail__v" label="Document Type Group Detail"/><type id="docaction__sys" label="Document Action"/><type id="docactionsecurity__sys" label="Document Lifecycle Atomic Security For Actions"/><type id="docatomicsecurity__sys" label="Document Lifecycle Atomic Security"/><type id="docinfopanelcontrollercode__sys" label="Document Panel Controller Code"/><type id="docinfopaneltab__sys" label="Document Panel"/><type id="document_check__v" label="Document Check"/><type id="document_deletion__v" label="Document Deletion"/><type id="document_deletion_study_details__v" label="Document Deletion Study Details"/><type id="document_usage__v" label="Document Usage"/><type id="documentcontenteventhandler__sys" label="Documentcontenteventhandler"/><type id="documentcontentprocess__sys" label="Document Content Process"/><type id="documentpredictionaction__sys" label="Document Prediction Action"/><type id="documentstage__sys" label="Document Lifecycle Stage"/><type id="documentstagegroup__sys" label="Document Lifecycle Stage Group"/><type id="documenttrainingaction__sys" label="Document Training Action"/><type id="documenttypetrigger__sys" label="Document Type Trigger"/><type id="documentwarningcategory__sys" label="Document Warning Category"/><type id="documentwarningtemplate__sys" label="Document Warning Template"/><type id="docworkflowactionsecurity__sys" label="Document Lifecycle Atomic Security For Workflow Actions"/><type id="econsent_field_default__v" label="eConsent Field Default"/><type id="econsent_send_record__v" label="eConsent Send Record"/><type id="econsent_study_site_acceptance__v" label="eConsent Study Site Acceptance"/><type id="edl__v" label="Expected Document List"/><type id="edl_item__v" label="Expected Document"/><type id="edl_item_template__v" label="Template Expected Document"/><type id="edl_template__v" label="Template EDL"/><type id="email__sys" label="Email"/><type id="emailed_document__sys" label="Emailed Document"/><type id="emailprocessor__sys" label="Email Processor"/><type id="enabledcomponent__sys" label="Enabled Component"/><type id="enrollment_status__ctms" label="Enrollment Status Log"/><type id="envelope__sys" label="Envelope"/><type id="envelope_content__sys" label="Envelope Content"/><type id="event_schedule__ctms" label="Event Schedule"/><type id="exception_item__sys" label="User Exception Item"/><type id="exception_message__sys" label="User Exception Message"/><type id="excluded_classification__sys" label="Excluded Classification"/><type id="expressionfactory__sys" label="Expression Factory"/><type id="expressionfunction__sys" label="Expression Function"/><type id="expressionfunctioneventhandler__sys" label="Expression Function Event Handler"/><type id="expressionfunctionparam__sys" label="Expression Function Parameter"/><type id="external_url__sys" label="External Url"/><type id="facilities_information__clin" label="Facilities Information"/><type id="fee__v" label="Fee"/><type id="fee_repeat_instance_identifier__v" label="Fee Repeat Instance Identifier"/><type id="fee_schedule__v" label="Fee Schedule"/><type id="fee_schedule_template__v" label="Fee Schedule Template"/><type id="fee_template__v" label="Fee Template"/><type id="fee_template_repeat_instance_identifier__v" label="Fee Template Repeat Instance Identifier"/><type id="fieldrule__sys" label="Field Rule"/><type id="form_answer__v" label="Form Answer"/><type id="form_question__v" label="Form Question"/><type id="form_response__v" label="Form Response"/><type id="formattedoutput1__sys" label="Formatted Output Template"/><type id="formvalidatorcode__sys" label="Form Validator Code"/><type id="global_milestone_mapping__v" label="Global Milestone Mapping"/><type id="global_milestone_offset__v" label="Global Milestone Offset"/><type id="global_milestone_type__v" label="Global Milestone Type"/><type id="global_subject_metric_enablement__v" label="Global Subject Metric Enablement"/><type id="glossary_definition__sys" label="Glossary Definition"/><type id="glossary_event__sys" label="Glossary Event"/><type id="grandchild__c" label="Grandchild"/><type id="hierarchy__v" label="Artifact"/><type id="holiday__sys" label="Holiday"/><type id="holiday_schedule__sys" label="Holiday Schedule"/><type id="htmldocumenthandler__sys" label="Html Document Handler"/><type id="icf_site_effective_tracking__ctms" label="Informed Consent Site Effective Tracking"/><type id="inboundemailaddress__sys" label="Inbound Email Address"/><type id="index_change_impact_assessment__v" label="Index Change Impact Assessment"/><type id="informed_consent_tracking__ctms" label="Informed Consent Tracking"/><type id="integration__sys" label="Integration"/><type id="integration_point__sys" label="Integration Point"/><type id="integrationrule__sys" label="Integration Rule"/><type id="investigator_initiated_study__v" label="Investigator Initiated Study"/><type id="jobmetadata__sys" label="Job Metadata"/><type id="jurisdiction__v" label="Jurisdiction"/><type id="jurisdiction_country__v" label="Jurisdiction Country"/><type id="language__sys" label="Language"/><type id="language_locale__sys" label="Language Locale"/><type id="layout__sys" label="Pagelayout"/><type id="layoutnestingtype__sys" label="Layout Nesting Type"/><type id="layoutprofile__sys" label="Layout Profile"/><type id="legalhold__v" label="Legal Hold"/><type id="legalhold_item__v" label="Legal Hold Item"/><type id="library_question__sys" label="Library Question"/><type id="library_question_reference_document__sys" label="Library Question Reference Document"/><type id="licenseeventhandler__sys" label="License Event Handler"/><type id="lifecyclestatetype__sys" label="Lifecycle State Type"/><type id="lifecyclestatetypeassociation__sys" label="Lifecycle State Type Association"/><type id="link_target__sys" label="Link Target"/><type id="listlayout__sys" label="List Layout"/><type id="listlayoutitem__sys" label="List Layout Item"/><type id="locale__sys" label="Locale"/><type id="location__v" label="Location"/><type id="manifest__sys" label="Application Manifest"/><type id="match_text_variation__sys" label="Match Text Variation"/><type id="matcheddocumenteventhandler__sys" label="Matched Document Event Handler"/><type id="maxiobject__c" label="MaxiObject"/><type id="media__sys" label="Media"/><type id="message__sys" label="Message"/><type id="messagedeliveryeventhandler__sys" label="Message Delivery Event Handler"/><type id="messagegroup__sys" label="Message Group"/><type id="messageprocessor__sys" label="Message Processor"/><type id="metrics__ctms" label="Metrics"/><type id="metrics_over_time__v" label="Metrics Over Time"/><type id="milestone__v" label="Milestone"/><type id="milestone_dependency__v" label="Milestone Dependency"/><type id="milestone_dependency_template__v" label="Template Milestone Dependency"/><type id="milestone_document__v" label="Milestone Document"/><type id="milestone_item__v" label="Milestone Item"/><type id="milestone_list_template__v" label="Template Milestone Set"/><type id="milestone_package_document__v" label="Milestone Package Document"/><type id="milestone_template__v" label="Template Milestone"/><type id="mobile_share_media__sys" label="Mobile Share Media"/><type id="mobileshareaction__sys" label="Mobile Share Action"/><type id="mobileshareactionconfig__sys" label="Share Action"/><type id="mobiletab__sys" label="Mobile Tab"/><type id="model__v" label="Model"/><type id="monitored_closed_follow_up_items__v" label="Monitored Closed Follow-Up Item"/><type id="monitored_informed_consent_form__ctms" label="Monitored Informed Consent Form"/><type id="monitored_issue__v" label="Monitored Issue"/><type id="monitored_metrics__ctms" label="Monitored Metrics"/><type id="monitored_open_follow_up_items__v" label="Monitored Open Follow-Up Item"/><type id="monitored_subject__ctms" label="Monitored Subject"/><type id="monitored_subject_event__ctms" label="Monitored Subject Event"/><type id="monitored_subject_visit__v" label="Monitored Subject Visit"/><type id="monitoring_activity__ctms" label="Monitoring Activity"/><type id="monitoring_compliance__ctms" label="Monitoring Compliance"/><type id="monitoring_event__ctms" label="Monitoring Event"/><type id="monitoring_event_sig__sys" label="Monitoring Event Signature"/><type id="monitoring_schedule__v" label="Monitoring Schedule"/><type id="monitoring_schedule_item__v" label="Monitoring Schedule Item"/><type id="monitoring_schedule_template__v" label="Monitoring Schedule Template"/><type id="monitoring_schedule_template_item__v" label="Monitoring Schedule Template Item"/><type id="monitoring_visit_participant__ctms" label="Monitoring Visit Participant"/><type id="namedentityeventhandler__sys" label="Namedentityeventhandler"/><type id="notificationtype__sys" label="Notification Type"/><type id="object_lifecycle_stage_label__sys" label="Object Lifecycle Stage Label"/><type id="object_lifecycle_state_stage__sys" label="Object Lifecycle State-Stage"/><type id="object_type__v" label="object_type__v"/><type id="objectclasstrigger__sys" label="Object Class Trigger"/><type id="objectcontrol__sys" label="Object Control"/><type id="objectcontrolcode__sys" label="Object Control Code"/><type id="objectlayout__sys" label="Object Layout"/><type id="objectlifecyclestage__sys" label="Object Lifecycle Stage"/><type id="objectlifecyclestagegroup__sys" label="Object Lifecycle Stage Group"/><type id="objectsm001__c" label="ObjectSM001"/><type id="objectwithattachmentssm__c" label="ObjectWithAttachmentsSM"/><type id="office_edit_version__sys" label="Office Edit Version"/><type id="organization__v" label="Organization"/><type id="organization_role__v" label="Study Organization Role"/><type id="outbound_package__v" label="Outbound Package"/><type id="outreach_campaign__v" label="Outreach Campaign"/><type id="outreach_target__v" label="Outreach Target"/><type id="outreach_target_available_answer__sys" label="Outreach Target Available Answer"/><type id="outreach_target_checklist__sys" label="Outreach Target Checklist"/><type id="outreach_target_checklist_pal__v" label="Outreach Survey Invitation"/><type id="outreach_target_dependency__sys" label="Outreach Target Dependency"/><type id="outreach_target_response__sys" label="Outreach Target Response"/><type id="outreach_target_response_doc__sys" label="Outreach Target Response-Doc"/><type id="outreach_target_response_ref_doc__sys" label="Outreach Target Response-Ref-Doc"/><type id="outreach_target_section__sys" label="Outreach Target Section"/><type id="outreach_target_subchecklist__sys" label="Outreach Target Sub-checklist"/><type id="overlayoverride__sys" label="Overlay Override"/><type id="overlaytemplate__sys" label="Overlay Template"/><type id="oversight_issue__v" label="Oversight Issue"/><type id="oversight_issue_issue__v" label="Oversight Issue - Issue"/><type id="oversight_issue_milestone__v" label="Oversight Issue - Milestone"/><type id="oversight_issue_monitoring_event__v" label="Oversight Issue - Monitoring Event"/><type id="oversight_issue_task__v" label="Oversight Issue - Task"/><type id="package_component__v" label="Package Component"/><type id="package_dataset__sys" label="Package Dataset"/><type id="page__sys" label="Page"/><type id="pageclientcode__sys" label="Page client code"/><type id="pagecontroller__sys" label="Page Controller"/><type id="pagecontrollercode__sys" label="Page Controller Code"/><type id="pal_sc_bulk_doc_download__v" label="PAL Site Connect Bulk Document Download"/><type id="pal_site_connect_doc_viewer__v" label="PAL Site Connect Document Viewer"/><type id="pal_site_connect_login__v" label="PAL Site Connect Login"/><type id="palcode__sys" label="Public Access Link Code"/><type id="palfunction__sys" label="Public Access Link Function"/><type id="paltype__sys" label="Public Access Link Type"/><type id="paltypefunction__sys" label="Public Access Link Type Function"/><type id="parent__c" label="Parent"/><type id="payable_item__v" label="Payable Item"/><type id="payee_override__v" label="Payee Override"/><type id="payment__v" label="Payment Request"/><type id="payment_detail__v" label="Payment Request Detail"/><type id="pd_pv_subcategory__ctms" label="Protocol Deviation Sub Category"/><type id="pdfmergeresulthandler__sys" label="PDF Merge Result Handler"/><type id="pdv__ctms" label="Issue"/><type id="perf_stats__v" label="Performance Statistics"/><type id="performancestatistic__sys" label="Performance Statistic"/><type id="performancestatisticsensor__sys" label="Performance Statistic Sensor"/><type id="permalink__sys" label="Permalink"/><type id="permission_set__sys" label="Permission Set"/><type id="person__sys" label="Person"/><type id="person__v" label="Person (OLD)"/><type id="person_employment_relationship__clin" label="Employment Relationship"/><type id="person_location__clin" label="Person Location"/><type id="person_prior__sys" label="Prior Person"/><type id="picklist_value__sys" label="Picklist Value"/><type id="prediction_metric__sys" label="Prediction Metric"/><type id="predictions__sys" label="Prediction"/><type id="procedure__v" label="Procedure"/><type id="procedure_def__v" label="Procedure Definition"/><type id="procedure_template__v" label="Procedure Template"/><type id="procedure_template_definition__v" label="Procedure Template Definition"/><type id="product__v" label="Product"/><type id="quality_issue__v" label="Quality Issue"/><type id="queryfunction__sys" label="Query Function"/><type id="queryfunctioneventhandler__sys" label="Query Function Event Handler"/><type id="queryfunctionparameter__sys" label="Query Function Parameter"/><type id="queryobjectrule__sys" label="Query Object Rule"/><type id="question__clin" label="Question"/><type id="question_comment_required__v" label="Answer with Conditional Requirements"/><type id="question_design__sys" label="Question Design"/><type id="question_design_reference_document__sys" label="Question Design Reference Document"/><type id="queue__sys" label="Queue"/><type id="queueconnection__sys" label="Connection"/><type id="recordactionconfig__sys" label="Record Action Configuration"/><type id="recorddetailhandler__sys" label="Record UI Handler"/><type id="recorddetailhandlercode__sys" label="Record UI Handler Code"/><type id="recordmergeeventhandler__sys" label="Record Merge Event Handler"/><type id="recordroleassignmentshandler__sys" label="Record Role Assignments Handler"/><type id="recordroleoverrides__sys" label="Record Role Override"/><type id="recordroletrigger__sys" label="Record Role Trigger"/><type id="recordtrigger__sys" label="Record Trigger"/><type id="recordvisibilityrule__sys" label="Record Visibility Rule"/><type id="recordvisibilitytaghandler__sys" label="Record Visibility Tag Handler"/><type id="recordvisibilitytagrule__sys" label="Record Visibility Tag Rule"/><type id="recordworkflowaction__sys" label="Record Workflow Action"/><type id="recurring_milestone_schedule__v" label="Recurring Milestone Schedule"/><type id="recurring_milestone_schedule_template__v" label="Recurring Milestone Schedule Template"/><type id="reference_lookup__sys" label="Reference Lookup"/><type id="rendition_profile__sys" label="Rendition Profile"/><type id="renditionprofile__sys" label="Rendition Profile"/><type id="renditiontype__sys" label="RenditionType"/><type id="repeat_instance_identifier__v" label="Repeat Instance Identifier"/><type id="report__sys" label="Report"/><type id="reportexceltemplate__sys" label="Report Excel Template"/><type id="request_for_information__v" label="Request for Information"/><type id="response__ctms" label="Response"/><type id="response__sys" label="Response"/><type id="response_follow_up_item__v" label="Response Follow Up Item"/><type id="response_issue__v" label="Response Issue"/><type id="responsibility__v" label="Responsibility"/><type id="review_comment__v" label="Review Comment"/><type id="review_summary__v" label="Review Summary"/><type id="rfi_included_document__v" label="RFI Included Document"/><type id="rfi_relevant_milestone__v" label="RFI Relevant Milestone"/><type id="risk__v" label="Risk"/><type id="risk_assessment_template__v" label="Risk Assessment Template"/><type id="risk_category__v" label="Risk Category"/><type id="risk_mitigation__v" label="Risk Mitigation"/><type id="risk_template__v" label="Risk Template"/><type id="role_dependency__v" label="Role Dependency"/><type id="rolepermissionset__sys" label="Role Permissionset"/><type id="safety_distribution__v" label="Safety Distribution"/><type id="safety_distribution_default__v" label="Safety Distribution Default"/><type id="safety_distribution_support__v" label="Safety Distribution Support"/><type id="safety_distribution_type__v" label="Safety Distribution Type"/><type id="scheduled_data_export__sys" label="Scheduled Data Export"/><type id="sdkapplicationprovisioner__sys" label="Application Provisioner"/><type id="sdkcachetype__sys" label="Cache Type"/><type id="sdkcloningrule__sys" label="Cloning Rule"/><type id="sdkcomponentrecordhandler__sys" label="Component Record Handler"/><type id="sdkfeatureflag__sys" label="Feature Flag"/><type id="sdkjob__sys" label="SdkJob"/><type id="sdkpreupgradetask__sys" label="Pre Upgrade Task"/><type id="sdkupgradetask__sys" label="Upgrade Task"/><type id="searchablefield__sys" label="Searchable Field"/><type id="searchcollection__sys" label="Search Collection"/><type id="searchcollectionsection__sys" label="Search Collection Section"/><type id="sebaobject__c" label="SebaObject"/><type id="section__sys" label="Section"/><type id="section_design__sys" label="Section Design"/><type id="security_policy__sys" label="Security Policy"/><type id="security_profile__sys" label="Security Profile"/><type id="selected_milestone_set__v" label="Selected Milestone Set"/><type id="selected_organization_role__v" label="Selected Study Organization Role"/><type id="selected_site__ctms" label="Selected Site"/><type id="share_inbox_documents__sys" label="Share Inbox Document"/><type id="sharedworkflowvariable__sys" label="Shared Workflow Variable"/><type id="signaturepage__sys" label="Signature Page"/><type id="site__v" label="Study Site"/><type id="site_available_answer__sys" label="Study Site Available Answer"/><type id="site_checklist__sys" label="Study Site Checklist"/><type id="site_checklist_pal__v" label="Site Survey Invitation"/><type id="site_connect_study_invitation__v" label="Site Connect Study Invitation"/><type id="site_connect_study_site_settings__v" label="Site Connect Study Site Settings"/><type id="site_dependency__sys" label="Study Site Dependency"/><type id="site_document_check__v" label="Site Document Check"/><type id="site_fee__v" label="Site Fee"/><type id="site_fee_def__v" label="Site Fee Definition"/><type id="site_fee_template__v" label="Site Fee Template"/><type id="site_fee_template_definition__v" label="Site Fee Template Definition"/><type id="site_home_access__v" label="Site Home Access"/><type id="site_license__v" label="Study Site License"/><type id="site_package_definition__v" label="Site Package Definition"/><type id="site_package_document__v" label="Site Package Document"/><type id="site_response__sys" label="Study Site Response"/><type id="site_response_doc__sys" label="Study Site Response-Doc"/><type id="site_response_ref_doc__sys" label="Study Site Response-Ref-Doc"/><type id="site_sae_tracking__ctms" label="Site SAE Tracking"/><type id="site_section__sys" label="Study Site Section"/><type id="site_subchecklist__sys" label="Study Site Sub-checklist"/><type id="site_system_link__v" label="Site System Link"/><type id="sitevault_signup_campaign__v" label="SiteVault Signup Campaign"/><type id="sitevault_signup_request__v" label="SiteVault Signup Request"/><type id="standard_monitoring_activity__ctms" label="Standard Monitoring Activity"/><type id="stored_response__v" label="Stored Response"/><type id="story_event__v" label="Story Event"/><type id="study__v" label="Study"/><type id="study_announcement__v" label="Study Announcement"/><type id="study_archival_initiation__v" label="Study Archival Initiation"/><type id="study_arm__v" label="Study Arm"/><type id="study_cdms_connectivity__v" label="Study CDMS Connectivity"/><type id="study_cohort__v" label="Study Cohort"/><type id="study_communication_log__ctms" label="Study Communication Log"/><type id="study_contact__v" label="Study Contact"/><type id="study_country__v" label="Study Country"/><type id="study_country_subject_group__v" label="Study Country Subject Group"/><type id="study_critical_data__v" label="Study Critical Data"/><type id="study_critical_process__v" label="Study Critical Process"/><type id="study_migration_object__v" label="Study Migration Object"/><type id="study_organization__v" label="Study Organization"/><type id="study_person__clin" label="Study Person"/><type id="study_person_responsibility__v" label="Study Person Responsibility"/><type id="study_product__v" label="Study Product"/><type id="study_product_role__v" label="Study Product Role"/><type id="study_product_subject_group__v" label="Study Product Subject Group"/><type id="study_risk__v" label="Study Risk"/><type id="study_risk_assessment__v" label="Study Risk Assessment"/><type id="study_risk_category__v" label="Study Risk Category"/><type id="study_risk_critical_data__v" label="Study Risk Critical Data"/><type id="study_risk_critical_process__v" label="Study Risk Critical Process"/><type id="study_risk_mitigation__v" label="Study Risk Mitigation"/><type id="study_site_location__ctms" label="Study Site Location"/><type id="study_site_subject_group__v" label="Study Site Subject Group"/><type id="study_team_role_constraint__v" label="Study Team Role Constraint"/><type id="study_training_connection_event__v" label="Study Training Connection Event"/><type id="subartifact__v" label="Subartifact"/><type id="subchecklist_design__sys" label="Sub-Checklist Design"/><type id="subject__clin" label="Subject"/><type id="subject_history__v" label="Subject History"/><type id="subject_informed_consent_form__v" label="Subject Informed Consent Form"/><type id="subject_record_change__v" label="Subject ID Change Log"/><type id="suppressed_email_address__sys" label="Suppressed Email Address"/><type id="tab_group__sys" label="Tab Group"/><type id="tabcollection__sys" label="Tab Collection"/><type id="tabcollectionitem__sys" label="Tab Collection Item"/><type id="tagsecurityimpactanalysisprocessor__sys" label="Tag Security Impact Analysis Processor"/><type id="tagsecurityrule__sys" label="Tag Security Rule"/><type id="tagsecurityruleassignment__sys" label="Tag Security Rule Assignment"/><type id="team_assignment__v" label="Study Team Assignment"/><type id="team_role__v" label="Study Team Role"/><type id="template_milestone_master_set__v" label="Template Milestone Master Set"/><type id="template_task__clin" label="Template Task"/><type id="tmf_index_change_request__v" label="TMF Index Change Request"/><type id="tmf_index_item__v" label="TMF Index Item"/><type id="tmf_index_item_requirement__v" label="TMF Index Item Requirement"/><type id="tmf_index_version__v" label="TMF Index Version"/><type id="trackednotificationeventhandler__sys" label="Tracked Notification Event Handler"/><type id="trained_model__sys" label="Trained Model"/><type id="trained_model_performance_metric__sys" label="Trained Model Performance Metric"/><type id="transfer_failure__v" label="Transfer Failure"/><type id="trip_report_answer__ctms" label="Trip Report Answer"/><type id="trip_report_question_response__ctms" label="Trip Report Question Response"/><type id="trip_report_question_template__ctms" label="Trip Report Question Template"/><type id="trip_report_section__ctms" label="Trip Report Section"/><type id="trip_report_template__ctms" label="Trip Report Template"/><type id="uiwidget__sys" label="UI Widget"/><type id="uiwidgetattribute__sys" label="UI Widget Attribute"/><type id="unblinded_subject_visit_data__v" label="Unblinded Subject Visit Data"/><type id="user__sys" label="User"/><type id="user_role__sys" label="User Role"/><type id="user_role_constraint__v" label="User Role Constraint"/><type id="user_role_setup__v" label="User Role Setup"/><type id="user_task__v" label="User Task"/><type id="userdefinedclass__sys" label="User defined class"/><type id="userdefinedmodel__sys" label="User defined model"/><type id="userdefinedservice__sys" label="User Defined Service"/><type id="vault_component__v" label="Vault Component"/><type id="vault_component_relationship__sys" label="Vault Component Relationship"/><type id="vault_package__v" label="Inbound Package"/><type id="vault_package_code__sys" label="Inbound Package Code"/><type id="vault_package_component__v" label="Inbound Package Component"/><type id="vault_package_data__v" label="Inbound Package Data"/><type id="vault_package_step__v" label="Inbound Package Step"/><type id="vaultreparenteventhandler__sys" label="Vault Domain Reparent Event Handler"/><type id="vaulttoken__sys" label="Vault Token"/><type id="veevaid_invite_vault_user_creation__sys" label="VeevaID invite: Vault User Creation"/><type id="veevaiduserregistrationeventhandler__sys" label="VeevaId User Registration Event Handler"/><type id="vfm_file_security_policy__v" label="VFM File Security Policy"/><type id="vfm_user__sys" label="Vault File Manager User"/><type id="viewablerenditiongenerateeventhandler__sys" label="Viewable Rendition Generate Event Handler"/><type id="visit__v" label="Subject Visit"/><type id="visit_def__v" label="Visit Definition"/><type id="visit_group_definition__v" label="Visit Group Definition"/><type id="vmdl_hello_world__c" label="vMDL Hello World"/><type id="webapi__sys" label="WebApi"/><type id="webapigroup__sys" label="WebApi Group"/><type id="workflow__v" label="Workflow"/><type id="workflow_role_setup__v" label="Workflow Role Setup"/><type id="workflow_variable__sys" label="Workflow Variable"/><type id="xml_element__v" label="XML Element"/></ObjectTypes>