<?xml version="1.0" encoding="UTF-8" standalone="yes"?><ObjectDefinitions><operationField id="PAGESIZE" label="Page Size" type="integer" overrideable="true"><helpText>Specifies the number of documents to retrieve with each page transaction.</helpText><defaultValue>1000</defaultValue></operationField><operationField id="MAXDOCUMENTS" label="Maximum Documents" type="integer" overrideable="true"><helpText>Limits the number of documents returned. If value is less than 1, all records are returned.</helpText><defaultValue>-1</defaultValue></operationField><operationField id="FIND" label="FIND/Keyword Search" type="string" overrideable="true"><helpText>Perform keyword searches in single quotes on documents and Vault objects: 'diabetes AND insulin OR Nyaxa' For more info: https://developer.veevavault.com/vql/#find</helpText><defaultValue></defaultValue></operationField><operationField id="CUSTOM_TERMS" label="Custom VQL Statement" type="string" overrideable="true" displayType="textarea"><helpText>Allows specifying raw VQL. Use this for complex SELECT/WHERE/FIND terms that can not be modeled with Fields/Filter/Order By panels below.</helpText><defaultValue></defaultValue></operationField><definition elementName="/relationships" outputType="json"><jsonSchema>{"relationships":{"type":"object","properties":{"target_major_version__v":{"type":"string"},"target_minor_version__v":{"type":"string"},"source_doc_id__v":{"type":"string"},"source_major_version__v":{"type":"string"},"relationship_type__v":{"type":"string"},"created_date__v":{"format":"date-time","type":"string"},"id":{"type":"string"},"source_minor_version__v":{"type":"string"},"target_doc_id__v":{"type":"string"},"created_by__v":{"type":"string"}}},"$schema":"http://json-schema.org/schema#"}</jsonSchema><fieldSpecFields name="created_by__v" filterable="true" sortable="true" selectable="true" type="string" selected="false"/><fieldSpecFields name="created_date__v" filterable="true" sortable="true" selectable="true" type="date" selected="false"/><fieldSpecFields name="id" filterable="true" sortable="true" selectable="true" type="string" selected="false"/><fieldSpecFields name="relationship_type__v" filterable="true" sortable="true" selectable="true" type="string" selected="false"/><fieldSpecFields name="source_doc_id__v" filterable="true" sortable="true" selectable="true" type="string" selected="false"/><fieldSpecFields name="source_major_version__v" filterable="true" sortable="true" selectable="true" type="string" selected="false"/><fieldSpecFields name="source_minor_version__v" filterable="true" sortable="true" selectable="true" type="string" selected="false"/><fieldSpecFields name="target_doc_id__v" filterable="true" sortable="true" selectable="true" type="string" selected="false"/><fieldSpecFields name="target_major_version__v" filterable="true" sortable="true" selectable="true" type="string" selected="false"/><fieldSpecFields name="target_minor_version__v" filterable="true" sortable="true" selectable="true" type="string" selected="false"/></definition></ObjectDefinitions>