<?xml version="1.0" encoding="UTF-8" standalone="yes"?><ObjectDefinitions><operationField id="PAGESIZE" label="Page Size" type="integer" overrideable="true"><helpText>Specifies the number of documents to retrieve with each page transaction.</helpText><defaultValue>1000</defaultValue></operationField><operationField id="MAXDOCUMENTS" label="Maximum Documents" type="integer" overrideable="true"><helpText>Limits the number of documents returned. If value is less than 1, all records are returned.</helpText><defaultValue>-1</defaultValue></operationField><operationField id="FIND" label="FIND/Keyword Search" type="string" overrideable="true"><helpText>Perform keyword searches in single quotes on documents and Vault objects: 'diabetes AND insulin OR Nyaxa' For more info: https://developer.veevavault.com/vql/#find</helpText><defaultValue></defaultValue></operationField><operationField id="CUSTOM_TERMS" label="Custom VQL Statement" type="string" overrideable="true" displayType="textarea"><helpText>Allows specifying raw VQL. Use this for complex SELECT/WHERE/FIND terms that can not be modeled with Fields/Filter/Order By panels below.</helpText><defaultValue></defaultValue></operationField><definition elementName="/browse_integration_test_parent_object__c" outputType="json"><jsonSchema>{"$schema":"http://json-schema.org/schema#","browse_integration_test_parent_object__c":{"type":"object","properties":{"modified_date__v":{"format":"date-time","description":"Last Modified Date","type":"string"},"global_id__sys":{"description":"Global ID","type":"string","maxLength":200},"browse_integration_test_child_objects__cr":{"type":"object","properties":{"data":{"type":"array","items":{"type":"object","properties":{"modified_date__v":{"format":"date-time","description":"Last Modified Date","type":"string"},"global_id__sys":{"description":"Global ID","type":"string","maxLength":200},"link__sys":{"description":"Link","type":"string","maxLength":255},"name__v":{"description":"Name","type":"string","maxLength":128},"browse_integration_test_parent_object__c":{"description":"Browse Integration Test Parent Object","type":"string"},"created_date__v":{"format":"date-time","description":"Created Date","type":"string"},"id":{"description":"ID","type":"string"},"modified_by__v":{"description":"Last Modified By","type":"string"},"status__v":{"description":"Status","type":"array","items":{"type":"string"}},"created_by__v":{"description":"Created By","type":"string"}}}}}},"link__sys":{"description":"Link","type":"string","maxLength":255},"name__v":{"description":"Name","type":"string","maxLength":128},"created_date__v":{"format":"date-time","description":"Created Date","type":"string"},"id":{"description":"ID","type":"string"},"modified_by__v":{"description":"Last Modified By","type":"string"},"status__v":{"description":"Status","type":"array","items":{"type":"string"}},"created_by__v":{"description":"Created By","type":"string"}}}}</jsonSchema><fieldSpecFields name="browse_integration_test_child_objects__cr__Subquery" filterable="true" sortable="true" selectable="true" type="string" selected="false"/><fieldSpecFields name="browse_integration_test_child_objects__cr__Subquery/browse_integration_test_parent_object__c" filterable="true" sortable="true" selectable="true" type="string" selected="false"/><fieldSpecFields name="browse_integration_test_child_objects__cr__Subquery/created_by__v" filterable="true" sortable="true" selectable="true" type="string" selected="false"/><fieldSpecFields name="browse_integration_test_child_objects__cr__Subquery/created_date__v" filterable="true" sortable="true" selectable="true" type="date" selected="false"/><fieldSpecFields name="browse_integration_test_child_objects__cr__Subquery/global_id__sys" filterable="true" sortable="true" selectable="true" type="string" selected="false"/><fieldSpecFields name="browse_integration_test_child_objects__cr__Subquery/id" filterable="true" sortable="true" selectable="true" type="string" selected="false"/><fieldSpecFields name="browse_integration_test_child_objects__cr__Subquery/link__sys" filterable="true" sortable="true" selectable="true" type="string" selected="false"/><fieldSpecFields name="browse_integration_test_child_objects__cr__Subquery/modified_by__v" filterable="true" sortable="true" selectable="true" type="string" selected="false"/><fieldSpecFields name="browse_integration_test_child_objects__cr__Subquery/modified_date__v" filterable="true" sortable="true" selectable="true" type="date" selected="false"/><fieldSpecFields name="browse_integration_test_child_objects__cr__Subquery/name__v" filterable="true" sortable="true" selectable="true" type="string" selected="false"/><fieldSpecFields name="browse_integration_test_child_objects__cr__Subquery/status__v" filterable="true" sortable="true" selectable="true" type="string" selected="false"/><fieldSpecFields name="created_by__v" filterable="true" sortable="true" selectable="true" type="string" selected="false"/><fieldSpecFields name="created_date__v" filterable="true" sortable="true" selectable="true" type="date" selected="false"/><fieldSpecFields name="global_id__sys" filterable="true" sortable="true" selectable="true" type="string" selected="false"/><fieldSpecFields name="id" filterable="true" sortable="true" selectable="true" type="string" selected="false"/><fieldSpecFields name="link__sys" filterable="true" sortable="true" selectable="true" type="string" selected="false"/><fieldSpecFields name="modified_by__v" filterable="true" sortable="true" selectable="true" type="string" selected="false"/><fieldSpecFields name="modified_date__v" filterable="true" sortable="true" selectable="true" type="date" selected="false"/><fieldSpecFields name="name__v" filterable="true" sortable="true" selectable="true" type="string" selected="false"/><fieldSpecFields name="status__v" filterable="true" sortable="true" selectable="true" type="string" selected="false"/></definition></ObjectDefinitions>