<?xml version="1.0" encoding="UTF-8" standalone="yes"?>
<ObjectDefinitions>
    <definition elementName="/parent__c" outputType="json">
        <jsonSchema>
            {"$schema":"http://json-schema.org/schema#","parent__c":{"type":"object","properties":{"favourite_color__c":{"description":"Favourite
            Color","type":"string"},"global_id__sys":{"description":"Global
            ID","type":"string","maxLength":200},"children__cr":{"type":"object","properties":{"data":{"type":"array","items":{"type":"object","properties":{}}}}},"name__v":{"description":"Name","type":"string","maxLength":128},"modified_by__v":{"description":"Last
            Modified By","type":"string"},"fathers_dob__c":{"format":"date","description":"Fathers
            DOB","type":"string"},"date_of_birth__c":{"format":"date","description":"Date of
            Birth","type":"string"},"modified_date__v":{"format":"date-time","description":"Last Modified
            Date","type":"string"},"link__sys":{"description":"Link","type":"string","maxLength":255},"created_date__v":{"format":"date-time","description":"Created
            Date","type":"string"},"id":{"description":"ID","type":"string"},"status__v":{"description":"Status","type":"array","items":{"type":"string"}},"created_by__v":{"description":"Created
            By","type":"string"},"parent__c":{"description":"Parent","type":"string"}}}}
        </jsonSchema>
        <fieldSpecFields name="children__cr__Subquery" filterable="true" sortable="true" selectable="true" type="string"
                         selected="false"/>
        <fieldSpecFields name="children__cr__Subquery/created_by__v" filterable="true" sortable="true" selectable="true"
                         type="string" selected="false"/>
        <fieldSpecFields name="children__cr__Subquery/created_date__v" filterable="true" sortable="true"
                         selectable="true" type="date" selected="false"/>
        <fieldSpecFields name="children__cr__Subquery/fathers_dob__c" filterable="true" sortable="true"
                         selectable="true" type="date" selected="false"/>
        <fieldSpecFields name="children__cr__Subquery/favourite_color__c" filterable="true" sortable="true"
                         selectable="true" type="string" selected="false"/>
        <fieldSpecFields name="children__cr__Subquery/global_id__sys" filterable="true" sortable="true"
                         selectable="true" type="string" selected="false"/>
        <fieldSpecFields name="children__cr__Subquery/id" filterable="true" sortable="true" selectable="true"
                         type="string" selected="false"/>
        <fieldSpecFields name="children__cr__Subquery/link__sys" filterable="true" sortable="true" selectable="true"
                         type="string" selected="false"/>
        <fieldSpecFields name="children__cr__Subquery/modified_by__v" filterable="true" sortable="true"
                         selectable="true" type="string" selected="false"/>
        <fieldSpecFields name="children__cr__Subquery/modified_date__v" filterable="true" sortable="true"
                         selectable="true" type="date" selected="false"/>
        <fieldSpecFields name="children__cr__Subquery/name__v" filterable="true" sortable="true" selectable="true"
                         type="string" selected="false"/>
        <fieldSpecFields name="children__cr__Subquery/parent__c" filterable="true" sortable="true" selectable="true"
                         type="string" selected="false"/>
        <fieldSpecFields name="children__cr__Subquery/status__v" filterable="true" sortable="true" selectable="true"
                         type="string" selected="false"/>
        <fieldSpecFields name="created_by__v" filterable="true" sortable="true" selectable="true" type="string"
                         selected="false"/>
        <fieldSpecFields name="created_date__v" filterable="true" sortable="true" selectable="true" type="date"
                         selected="false"/>
        <fieldSpecFields name="date_of_birth__c" filterable="true" sortable="true" selectable="true" type="date"
                         selected="false"/>
        <fieldSpecFields name="global_id__sys" filterable="true" sortable="true" selectable="true" type="string"
                         selected="false"/>
        <fieldSpecFields name="id" filterable="true" sortable="true" selectable="true" type="string" selected="false"/>
        <fieldSpecFields name="link__sys" filterable="true" sortable="true" selectable="true" type="string"
                         selected="false"/>
        <fieldSpecFields name="modified_by__v" filterable="true" sortable="true" selectable="true" type="string"
                         selected="false"/>
        <fieldSpecFields name="modified_date__v" filterable="true" sortable="true" selectable="true" type="date"
                         selected="false"/>
        <fieldSpecFields name="name__v" filterable="true" sortable="true" selectable="true" type="string"
                         selected="false"/>
        <fieldSpecFields name="status__v" filterable="true" sortable="true" selectable="true" type="string"
                         selected="false"/>
    </definition>
</ObjectDefinitions>