<?xml version="1.0" encoding="UTF-8" standalone="yes"?><ObjectTypes><type id="GET::/objects/documents/{doc_id}/file" label="Download Document File"/><type id="GET::/objects/documents/{doc_id}/versions/{major_version}/{minor_version}/file" label="Download Document Version File"/><type id="GET::/objects/documents/{doc_id}/versions/{major_version}/{minor_version}/thumbnail" label="Download Document Version Thumbnail File"/><type id="PUT::/objects/documents/batch" label="Update Multiple Documents"/><type id="POST::/objects/documents/batch" label="Create Multiple Documents"/><type id="POST::/objects/documents/renditions/batch" label="Add Multiple Document Renditions"/><type id="POST::/vobjects/{object_name}" label="Delete Object Records"/><type id="GET::/objects/picklists" label="Retrieve All Picklists"/><type id="GET::/objects/picklists/{picklist_name}" label="Retrieve Picklist Values"/><type id="PUT::/objects/picklists/{picklist_name}/{picklist_value_name}" label="Update Picklist Value"/><type id="GET::/vobjects/{object_name}/{object_record_id}/actions" label="Retrieve Object Record User Actions"/><type id="GET::/vobjects/{object_name}/{object_record_id}/actions/{action_name}" label="Retrieve Object User Action Details"/><type id="POST::/vobjects/{object_name}/{object_record_id}/actions/{action_name}" label="Initiate Object Action on a Single Record"/><type id="PUT::/services/file_staging/items/{item}" label="Update Folder or File"/><type id="DELETE::/services/file_staging/items/{item}" label="Delete File or Folder"/><type id="GET::/services/file_staging/items/content/{item}" label="Get Item Content"/><type id="POST::/services/file_staging/items" label="Create Folder or File"/><type id="POST::/services/loader/load" label="Load Data Objects"/><type id="POST::/services/loader/extract" label="Extract Data Files"/><type id="GET::/metadata/vobjects/{object_name}" label="Retrieve Object Metadata"/></ObjectTypes>